Waits for a confirmation (pco apply --confirm-deletes accepts all of it):
  - mass delete guard: 6 of 16 records are being removed; confirm to proceed
      a.example.com
      b.example.com
      c.example.com
      d.example.com
      e.example.com
      f.example.com

Confirmed for the next run:
  - mass delete guard: 6 of 16 records are being removed; confirm to proceed
Applying: the daemon changes Cloudflare from the next cycle. Follow it with pco status.
--- stderr
Accept this at the next run? [y/N] 