www.example.com is held by qemu/101 (web-1) since 2026-09-28T14:00:00+02:00.
Resolving hands it to lxc/300; qemu/101 (web-1) waits for it from then on, in the place in line its claim gives it.
lxc/300 names www.example.com without a route for it: nobody serves it until lxc/300 routes it.
The claim on www.example.com is now held by lxc/300.
--- stderr
Move www.example.com to lxc/300? [y/N] 