Credential narrow (f0e1d2c3)
Token:     active, expires 2027-10-01T14:00:00+02:00
Accounts:  Main
Zones:     example.com (active), example.net (active), example.org (active)

  ✓ token
  ✓ accounts
  ✓ zones
  ✓ dns.read on example.com
  ✓ tunnel.read on Main
  - example.net left out: no DNS read
      grant Zone > DNS > Edit on example.net
  - example.org left out: no DNS read
      grant Zone > DNS > Edit on example.org

Usable:    yes
Write access was not tried. Run pco credential check f0e1d2c3 --deep to prove it.
