Credential main (a1b2c3d4)
Token:     active, expires 2026-10-13T14:00:00+02:00
Accounts:  Main
Zones:     example.com (active)

  ✓ token
  ✓ accounts
  ✓ zones
  ✓ dns.read on example.com
  ✓ tunnel.read on Main

Usable:    yes
Write access was not tried. Run pco credential check a1b2c3d4 --deep to prove it.

Added credential a1b2c3d4 (main).
