Credential label?[2J?]0;pwned? ? ?31m ?evil? (a1b2c3d4)
Token:     active, expires 2027-10-01T14:00:00+02:00
Accounts:  account?[2J?]0;pwned? ? ?31m ?evil?
Zones:     zone?[2J?]0;pwned? ? ?31m ?evil? (active)

  ✓ token
  ✓ accounts
  ✓ zones
  ✗ dns.read on zone?[2J?]0;pwned? ? ?31m ?evil?
      grant ?[2J?]0;pwned? ? ?31m ?evil?
  ✓ tunnel.read on Main
  - left?[2J?]0;pwned? ? ?31m ?evil? left out: no DNS read?[2J?]0;pwned? ? ?31m ?evil?
      grant ?[2J?]0;pwned? ? ?31m ?evil?

Usable:    no
Write access was not tried. Run pco credential check a1b2c3d4 --deep to prove it.
Probe records left by an earlier check, to be removed by hand: probe?[2J?]0;pwned? ? ?31m ?evil?
