✗ cmode           the console mode is tty now, but the pending configuration has shell: the next start of the container makes its console a root shell without a password, and any one VM.Config privilege sets it
                  fix: on the node: pct set 9240 --revert cmode
✓ epoch           a new epoch was drawn at 2026-10-01T11:59:00Z after a container start; the state is the volume's
✓ nftables        nftables.service is masked
! quic buffer     net.core.rmem_max is 4194304, below the 7500000 bytes cloudflared asks for its QUIC connections
                  fix: if you want it, on the node: echo net.core.rmem_max=7500000 >> /etc/sysctl.d/90-pco.conf, then sysctl --system
! segment access  pcotest@pve holds SDN.Use on /sdn/zones/localnetwork/vmbr1, the segment of net0 of the appliance
                  fix: put the appliance on a segment only admins may use, or take SDN.Use on /sdn/zones/localnetwork/vmbr1 from the principals named

1 failure, 2 warnings.
