Approved guests:
  GUEST                                       IDENTITY                          NOW
  qemu/101 (web?[2J?]0;pwned? ? ?31m ?evil?)  uuid?[2J?]0;pwned? ? ?31m ?evil?  changed to uuid:2?[2J?]0;pwned? ? ?31m ?evil?: approve it again to publish it

Waiting for approval (pco guest approve <owner>):
  qemu/105 (new?[2J?]0;pwned? ? ?31m ?evil?): delegated: alice?[2J?]0;pwned? ? ?31m ?evil? holds VM.Config.Network
--- stderr
