ID                             REV  HOSTNAME                                   TARGET                                                                      OPTIONS
x?[2J?]0;pwned? ? ?31m ?evil?  1    x.example.com?[2J?]0;pwned? ? ?31m ?evil?  http?[2J?]0;pwned? ? ?31m ?evil?://qemu/101?[2J?]0;pwned? ? ?31m ?evil?:80  host-header=h?[2J?]0;pwned? ? ?31m ?evil?, via=v?[2J?]0;pwned? ? ?31m ?evil?
--- stderr
