Settings at revision 7:
  gateTag               cf-tunnel (read at start)
  allowHosts            -
  denyHosts             admin.example.com, *.internal.example.com
  pollInterval          10s (at least 5s)
  grace                 1m0s (at least 30s)
  trustStatic           false (read at start)
  trustedCIDRs          10.0.5.0/24 (read at start)
  admission             tag
  zonePins              example.com=a1b2c3d4
  observeOnly           false
  identityMinimum       port
  maxHostnamesPerGuest  32 (at least 1)
  reverifyInterval      2m0s (10s to 5m0s)
  cloudflareBudget      1000 (100 to 1150; read at start)
